// Jest Snapshot v1, https://goo.gl/fbAQLP

exports[`matches snapshot 1`] = `
<div
  className="cards"
  data-testid="cards"
>
  <div
    className="cards__container"
  >
    <div
      className="cards__wrapper"
    >
      <ul
        className="cards__items"
      />
    </div>
  </div>
</div>
`;
